<?xml version="1.0" encoding="UTF-8"?>
<osm version="0.6" generator="Overpass API">
<note>The data included in this document is from www.openstreetmap.org. The data is made available under ODbL.</note>
<meta osm_base=""/>

  <node id="1101" lat="10.0000000" lon="1.0100000" version="1" timestamp="2013-07-01T09:01:11Z" changeset="496" uid="42" user="foo">
    <tag k="foo" v="bar_1101"/>
    <tag k="foo_1101" v="bar"/>
  </node>
  <node id="1102" lat="10.0000000" lon="1.0200000" version="1" timestamp="2013-07-01T09:02:11Z" changeset="496" uid="42" user="foo">
    <tag k="foo" v="bar_1102"/>
    <tag k="foo_1102" v="bar"/>
  </node>
  <node id="1201" lat="10.0000000" lon="2.0100000" version="2" timestamp="2013-07-01T09:02:11Z" changeset="496" uid="42" user="foo">
    <tag k="foo" v="bar_1201"/>
    <tag k="foo_1201" v="bar"/>
  </node>
  <node id="1202" lat="10.0000000" lon="2.0200000" version="3" timestamp="2013-07-01T09:03:12Z" changeset="496" uid="42" user="foo">
    <tag k="foo" v="bar_1202"/>
    <tag k="foo_1202" v="bar"/>
  </node>
  <node id="1203" lat="10.0000000" lon="2.0300000" version="3" timestamp="2013-07-01T09:03:23Z" changeset="496" uid="42" user="foo">
    <tag k="foo" v="bar_1203"/>
    <tag k="foo_1203" v="bar"/>
  </node>
  <node id="1301" lat="10.0000001" lon="3.0100000" version="2" timestamp="2013-07-01T09:02:11Z" changeset="496" uid="42" user="foo">
    <tag k="foo" v="bar_1301"/>
    <tag k="foo_1301" v="bar"/>
  </node>
  <node id="1302" lat="10.0000001" lon="3.0200001" version="3" timestamp="2013-07-01T09:03:12Z" changeset="496" uid="42" user="foo">
    <tag k="foo" v="bar_1302"/>
    <tag k="foo_1302" v="bar"/>
  </node>
  <node id="1303" lat="10.0000000" lon="3.0300001" version="3" timestamp="2013-07-01T09:03:23Z" changeset="496" uid="42" user="foo">
    <tag k="foo" v="bar_1303"/>
    <tag k="foo_1303" v="bar"/>
  </node>
  <node id="1304" lat="10.0000000" lon="3.0400000" version="3" timestamp="2013-07-01T09:03:14Z" changeset="496" uid="42" user="foo">
    <tag k="foo" v="bar_1304"/>
    <tag k="foo_1304" v="bar"/>
  </node>
  <node id="1401" lat="20.0000000" lon="4.0100000" version="2" timestamp="2013-07-01T09:02:11Z" changeset="496" uid="42" user="foo">
    <tag k="foo" v="bar_1401"/>
    <tag k="foo_1401" v="bar"/>
  </node>
  <node id="1402" lat="20.0000000" lon="14.0200000" version="3" timestamp="2013-07-01T09:03:12Z" changeset="496" uid="42" user="foo">
    <tag k="foo" v="bar_1402"/>
    <tag k="foo_1402" v="bar"/>
  </node>
  <node id="1403" lat="10.0000000" lon="14.0300000" version="3" timestamp="2013-07-01T09:03:23Z" changeset="496" uid="42" user="foo">
    <tag k="foo" v="bar_1403"/>
    <tag k="foo_1403" v="bar"/>
  </node>
  <node id="1404" lat="10.0000000" lon="4.0400000" version="3" timestamp="2013-07-01T09:03:14Z" changeset="496" uid="42" user="foo">
    <tag k="foo" v="bar_1404"/>
    <tag k="foo_1404" v="bar"/>
  </node>
  <node id="1502" lat="10.0000000" lon="5.0200000" version="3" timestamp="2013-07-01T09:03:12Z" changeset="496" uid="42" user="foo">
    <tag k="foo" v="bar_1502"/>
    <tag k="foo_1502" v="bar"/>
  </node>
  <node id="1503" lat="10.0000001" lon="5.0300000" version="3" timestamp="2013-07-01T09:03:13Z" changeset="496" uid="42" user="foo">
    <tag k="foo" v="bar_1503"/>
    <tag k="foo_1503" v="bar"/>
  </node>
  <node id="1504" lat="20.0000000" lon="5.0400000" version="3" timestamp="2013-07-01T09:03:14Z" changeset="496" uid="42" user="foo">
    <tag k="foo" v="bar_1504"/>
    <tag k="foo_1504" v="bar"/>
  </node>
  <node id="1505" lat="20.0000000" lon="5.0500000" version="3" timestamp="2013-07-01T09:03:15Z" changeset="496" uid="42" user="foo">
    <tag k="foo" v="bar_1505"/>
    <tag k="foo_1505" v="bar"/>
  </node>
  <node id="2101" lat="11.0000000" lon="1.0100000" version="3" timestamp="2013-07-01T09:03:11Z" changeset="496" uid="42" user="foo">
    <tag k="faa_1" v="baz_1"/>
    <tag k="faa_2" v="baz_2"/>
  </node>
  <node id="2102" lat="11.0000000" lon="1.0100000" version="2" timestamp="2013-07-01T09:02:12Z" changeset="496" uid="42" user="foo">
    <tag k="faa_1" v="baz_1"/>
    <tag k="faa_2" v="baz_2"/>
  </node>
  <node id="2103" lat="11.0000000" lon="1.0100000" version="3" timestamp="2013-07-01T09:03:23Z" changeset="496" uid="42" user="foo">
    <tag k="faa_1" v="baz_1"/>
    <tag k="faa_2" v="baz_2"/>
  </node>
  <node id="2201" lat="11.0000000" lon="2.0100000" version="2" timestamp="2013-07-01T09:02:11Z" changeset="496" uid="42" user="foo">
    <tag k="foo_1" v="new_value"/>
  </node>
  <node id="2202" lat="11.0000000" lon="2.0200000" version="3" timestamp="2013-07-01T09:03:12Z" changeset="496" uid="42" user="foo">
    <tag k="faa_2" v="new_vaa"/>
    <tag k="fee_2" v="new_vee"/>
  </node>
  <node id="2203" lat="11.0000000" lon="2.0300000" version="2" timestamp="2013-07-01T09:02:13Z" changeset="496" uid="42" user="foo">
    <tag k="faa_3" v="new_vaa"/>
    <tag k="fee_3" v="new_vee"/>
  </node>
  <node id="2204" lat="11.0000000" lon="2.0400000" version="3" timestamp="2013-07-01T09:03:24Z" changeset="496" uid="42" user="foo">
    <tag k="faa_4" v="new_vaa"/>
    <tag k="fee_4" v="new_vee"/>
  </node>
  <node id="2205" lat="11.0000000" lon="2.0500000" version="3" timestamp="2013-07-01T09:03:15Z" changeset="496" uid="42" user="foo">
    <tag k="foo_5" v="final"/>
  </node>
  <node id="2206" lat="11.0000000" lon="2.0600000" version="3" timestamp="2013-07-01T09:03:26Z" changeset="496" uid="42" user="foo">
    <tag k="foo_6" v="final"/>
  </node>
  <node id="2301" lat="11.0000000" lon="3.0100000" version="2" timestamp="2013-07-01T09:02:11Z" changeset="496" uid="42" user="foo">
    <tag k="foo_1" v="new_value"/>
    <tag k="sense" v="no"/>
  </node>
  <node id="2302" lat="11.0000000" lon="3.0200000" version="3" timestamp="2013-07-01T09:03:12Z" changeset="496" uid="42" user="foo">
    <tag k="faa_2" v="new_vaa"/>
    <tag k="fee_2" v="new_vee"/>
    <tag k="sense" v="no"/>
  </node>
  <node id="2303" lat="11.0000000" lon="3.0300000" version="2" timestamp="2013-07-01T09:02:13Z" changeset="496" uid="42" user="foo">
    <tag k="faa_3" v="new_vaa"/>
    <tag k="fee_3" v="new_vee"/>
    <tag k="sense" v="no"/>
  </node>
  <node id="2304" lat="11.0000000" lon="3.0400000" version="3" timestamp="2013-07-01T09:03:24Z" changeset="496" uid="42" user="foo">
    <tag k="faa_4" v="new_vaa"/>
    <tag k="fee_4" v="new_vee"/>
    <tag k="sense" v="no"/>
  </node>
  <node id="2305" lat="11.0000000" lon="3.0500000" version="3" timestamp="2013-07-01T09:03:15Z" changeset="496" uid="42" user="foo">
    <tag k="foo_5" v="final"/>
    <tag k="sense" v="no"/>
  </node>
  <node id="2306" lat="11.0000000" lon="3.0600000" version="3" timestamp="2013-07-01T09:03:26Z" changeset="496" uid="42" user="foo">
    <tag k="foo_6" v="final"/>
    <tag k="sense" v="no"/>
  </node>
  <node id="2401" lat="11.0000000" lon="4.0100000" version="3" timestamp="2013-07-01T09:03:11Z" changeset="496" uid="42" user="foo"/>
  <node id="2402" lat="11.0000000" lon="4.0200000" version="2" timestamp="2013-07-01T09:02:12Z" changeset="496" uid="42" user="foo"/>
  <node id="2403" lat="11.0000000" lon="4.0300000" version="3" timestamp="2013-07-01T09:03:23Z" changeset="496" uid="42" user="foo"/>
  <node id="2501" lat="11.0000000" lon="5.0100000" version="3" timestamp="2013-07-01T09:03:11Z" changeset="496" uid="42" user="foo">
    <tag k="changes" v="no"/>
  </node>
  <node id="2502" lat="11.0000000" lon="5.0200000" version="3" timestamp="2013-07-01T09:03:12Z" changeset="496" uid="42" user="foo">
    <tag k="changes" v="indeed"/>
  </node>
  <node id="2503" lat="11.0000000" lon="5.0300000" version="3" timestamp="2013-07-01T09:03:13Z" changeset="496" uid="42" user="foo">
    <tag k="after" v="recreation"/>
  </node>
  <node id="2504" lat="11.0000000" lon="5.0400000" version="5" timestamp="2013-07-01T09:03:44Z" changeset="496" uid="42" user="foo">
    <tag k="changes" v="no"/>
  </node>
  <node id="2505" lat="11.0000000" lon="5.0500000" version="5" timestamp="2013-07-01T09:03:45Z" changeset="496" uid="42" user="foo">
    <tag k="changes" v="indeed"/>
  </node>
  <node id="2506" lat="11.0000000" lon="5.0600000" version="5" timestamp="2013-07-01T09:03:46Z" changeset="496" uid="42" user="foo">
    <tag k="after" v="recreation"/>
  </node>

</osm>
